09-26 02:20:44.315 D/ArarAI.LiteRtLm(18633): runtime event=engine_initialize_started request=none resource=none active=0 elapsedMillis=0 outcome=none threads=54 rssKiB=110036 swapKiB=133108 pssKiB=223182 nativePssKiB=9135 nativeHeapKiB=18350 javaHeapKiB=8196 availableMemoryKiB=2682340 systemLowMemory=false thermalStatus=0
09-26 02:21:04.027 D/ArarAI.LiteRtLm(18633): Engine initialized: id=33390857, profile=LiteRtLmWorkloadProfile(image=false, audio=false), elapsed=19755 ms
09-26 02:21:04.107 D/ArarAI.LiteRtLm(18633): runtime event=engine_initialized request=none resource=33390857 active=0 elapsedMillis=19756 outcome=success threads=56 rssKiB=432864 swapKiB=316664 pssKiB=4136035 nativePssKiB=123442 nativeHeapKiB=394483 javaHeapKiB=28648 availableMemoryKiB=1064440 systemLowMemory=false thermalStatus=0
09-26 02:21:04.170 D/ArarAI.LiteRtLm(18633): runtime event=engine_load_published request=none resource=237464879 active=0 elapsedMillis=none outcome=success threads=56 rssKiB=426936 swapKiB=324772 pssKiB=4137146 nativePssKiB=115750 nativeHeapKiB=394484 javaHeapKiB=28892 availableMemoryKiB=1070620 systemLowMemory=false thermalStatus=0
09-26 02:21:04.344 D/ArarAI.LiteRtLm(18633): runtime event=generation_started request=2 resource=none active=1 elapsedMillis=0 outcome=none threads=56 rssKiB=398484 swapKiB=369448 pssKiB=4151387 nativePssKiB=69142 nativeHeapKiB=394518 javaHeapKiB=29136 availableMemoryKiB=1076556 systemLowMemory=false thermalStatus=0
09-26 02:21:07.389 D/ArarAI.LiteRtLm(18633): runtime event=conversation_create_finished request=2 resource=182571815 active=1 elapsedMillis=2970 outcome=success threads=56 rssKiB=498908 swapKiB=410836 pssKiB=4293381 nativePssKiB=179511 nativeHeapKiB=515780 javaHeapKiB=14512 availableMemoryKiB=1003812 systemLowMemory=false thermalStatus=0
09-26 02:21:15.742 I/ArarAI.WidgetDiagnostic(18633): probe capture tool=submit_widget_feasibility argumentBytes=202
09-26 02:21:21.445 D/ArarAI.LiteRtLm(18633): runtime event=model_done request=2 resource=182571815 active=1 elapsedMillis=16692 outcome=success threads=58 rssKiB=410052 swapKiB=477992 pssKiB=4345340 nativePssKiB=55632 nativeHeapKiB=976566 javaHeapKiB=18680 availableMemoryKiB=917068 systemLowMemory=false thermalStatus=0
09-26 02:21:26.957 D/ArarAI.LiteRtLm(18633): runtime event=generation_finished request=2 resource=none active=0 elapsedMillis=21702 outcome=completed threads=58 rssKiB=386492 swapKiB=418668 pssKiB=4260216 nativePssKiB=31991 nativeHeapKiB=855191 javaHeapKiB=29800 availableMemoryKiB=910336 systemLowMemory=false thermalStatus=0
09-26 02:21:27.238 I/ArarAI.WidgetDiagnostic(18633): probe round stage=Feasibility attempt=1 repair=false outcome=captured firstGen=17326 capture=11458 terminal=22851 watchdog=none return=22906 cleanupOverrun=none
09-26 02:21:27.267 I/ArarAI.WidgetDiagnostic(18633): probe attempt_failure stage=Feasibility attempt=1 code=InvalidFeasibilityDisplayName argumentBytes=202
09-26 02:21:37.426 D/ArarAI.LiteRtLm(18633): runtime event=engine_close_finished request=none resource=33390857 active=0 elapsedMillis=9064 outcome=success threads=54 rssKiB=118028 swapKiB=94320 pssKiB=207810 nativePssKiB=60107 nativeHeapKiB=17945 javaHeapKiB=25356 availableMemoryKiB=3060408 systemLowMemory=false thermalStatus=0
09-26 02:21:47.897 D/ArarAI.LiteRtLm(18633): runtime event=engine_recovery_reload_started request=none resource=none active=0 elapsedMillis=0 outcome=none threads=54 rssKiB=126216 swapKiB=83328 pssKiB=202699 nativePssKiB=40793 nativeHeapKiB=17865 javaHeapKiB=28700 availableMemoryKiB=2764936 systemLowMemory=false thermalStatus=0
09-26 02:22:08.638 D/ArarAI.LiteRtLm(18633): Engine initialized: id=2519418, profile=LiteRtLmWorkloadProfile(image=false, audio=false), elapsed=20738 ms
09-26 02:22:08.845 D/ArarAI.LiteRtLm(18633): runtime event=engine_recovery_finished request=none resource=119014792 active=0 elapsedMillis=none outcome=success threads=56 rssKiB=495244 swapKiB=261284 pssKiB=4144998 nativePssKiB=180315 nativeHeapKiB=394124 javaHeapKiB=25600 availableMemoryKiB=1020316 systemLowMemory=false thermalStatus=0
09-26 02:22:08.981 D/ArarAI.LiteRtLm(18633): runtime event=generation_started request=3 resource=none active=1 elapsedMillis=0 outcome=none threads=56 rssKiB=507964 swapKiB=263676 pssKiB=4161275 nativePssKiB=168585 nativeHeapKiB=394140 javaHeapKiB=25784 availableMemoryKiB=1009336 systemLowMemory=false thermalStatus=0
09-26 02:22:11.836 D/ArarAI.LiteRtLm(18633): runtime event=conversation_create_finished request=3 resource=45477209 active=1 elapsed=2783 outcome=success threads=56 rssKiB=529840 swapKiB=383192 pssKiB=4297626 nativePssKiB=207293 nativeHeapKiB=515421 javaHeapKiB=9628 availableMemoryKiB=991360 systemLowMemory=false thermalStatus=0
09-26 02:22:41.696 I/ArarAI.WidgetDiagnostic(18633): probe capture tool=submit_widget_feasibility argumentBytes=140
09-26 02:22:46.366 D/ArarAI.LiteRtLm(18633): runtime event=model_done request=3 resource=45477209 active=1 elapsedMillis=37031 outcome=success threads=58 rssKiB=427752 swapKiB=461092 pssKiB=4344831 nativePssKiB=61376 nativeHeapKiB=976566 javaHeapKiB=9064 availableMemoryKiB=924884 systemLowMemory=false thermalStatus=0
09-26 02:22:51.924 D/ArarAI.LiteRtLm(18633): runtime event=generation_finished request=3 resource=none active=0 elapsedMillis=42704 outcome=completed threads=58 rssKiB=373204 swapKiB=422332 pssKiB=4253312 nativePssKiB=24104 nativeHeapKiB=855304 javaHeapKiB=19064 availableMemoryKiB=907500 systemLowMemory=false thermalStatus=0
09-26 02:22:52.109 I/ArarAI.WidgetDiagnostic(18633): probe round stage=Feasibility attempt=2 repair=true outcome=captured firstGen=37497 capture=32755 terminal=43154 watchdog=none return=43169 cleanupOverrun=none
09-26 02:23:05.361 D/ArarAI.LiteRtLm(18633): runtime event=engine_close_finished request=none resource=2519418 active=0 elapsedMillis=10017 outcome=success threads=54 rssKiB=171052 swapKiB=86320 pssKiB=251246 nativePssKiB=102725 nativeHeapKiB=19925 javaHeapKiB=16676 availableMemoryKiB=3370268 systemLowMemory=false thermalStatus=0
09-26 02:26:05.697 D/ArarAI.LiteRtLm(18633): runtime event=engine_recovery_finished request=none resource=none active=0 elapsedMillis=none outcome=timed_out threads=54 rssKiB=131188 swapKiB=86684 pssKiB=206012 nativePssKiB=40803 nativeHeapKiB=18874 javaHeapKiB=29492 availableMemoryKiB=3226216 systemLowMemory=false thermalStatus=1
