09-25 22:12:35.358 D/ArarAI.LiteRtLm( 5785): runtime event=engine_initialize_started request=none resource=none active=0 elapsedMillis=0 outcome=none threads=40 rssKiB=267752 swapKiB=23992 pssKiB=236100 nativePssKiB=34599 nativeHeapKiB=16619 javaHeapKiB=19290 availableMemoryKiB=2634508 systemLowMemory=false thermalStatus=0
09-25 22:13:01.792 D/ArarAI.LiteRtLm( 5785): Engine initialized: id=156695987, profile=LiteRtLmWorkloadProfile(image=false, audio=false), elapsed=26462 ms
09-25 22:13:02.013 D/ArarAI.LiteRtLm( 5785): runtime event=engine_initialized request=none resource=156695987 active=0 elapsedMillis=26468 outcome=success threads=48 rssKiB=372404 swapKiB=360032 pssKiB=4098827 nativePssKiB=25836 nativeHeapKiB=391795 javaHeapKiB=9668 availableMemoryKiB=933864 systemLowMemory=false thermalStatus=0
09-25 22:13:02.209 D/ArarAI.LiteRtLm( 5785): runtime event=engine_load_published request=none resource=242078441 active=0 elapsedMillis=none outcome=success threads=48 rssKiB=367392 swapKiB=360200 pssKiB=4098283 nativePssKiB=25520 nativeHeapKiB=391912 javaHeapKiB=10168 availableMemoryKiB=940384 systemLowMemory=false thermalStatus=0
09-25 22:13:02.587 D/ArarAI.LiteRtLm( 5785): runtime event=generation_request_rejected request=none resource=none active=0 elapsedMillis=none outcome=tools_unsupported threads=48 rssKiB=378504 swapKiB=360300 pssKiB=4109295 nativePssKiB=24543 nativeHeapKiB=391945 javaHeapKiB=10796 availableMemoryKiB=942904 systemLowMemory=false thermalStatus=0
09-25 22:13:02.606 I/ArarAI.WidgetDiagnostic( 5785): probe round stage=Feasibility attempt=1 repair=false outcome=generation_rejected firstGen=160 capture=none terminal=160 watchdog=none return=166 cleanupOverrun=none
09-25 22:13:02.606 I/ArarAI.WidgetDiagnostic( 5785): probe attempt_failure stage=Feasibility attempt=1 code=MissingArtifact argumentBytes=none
09-25 22:13:02.730 D/ArarAI.LiteRtLm( 5785): runtime event=engine_recovery_started request=none resource=none active=0 elapsedMillis=0 outcome=none threads=48 rssKiB=375580 swapKiB=360712 pssKiB=4105241 nativePssKiB=24518 nativeHeapKiB=391884 javaHeapKiB=11136 availableMemoryKiB=923876 systemLowMemory=false thermalStatus=0
09-25 22:13:02.730 D/ArarAI.LiteRtLm( 5785): Engine closing: id=156695987
09-25 22:13:02.827 D/ArarAI.LiteRtLm( 5785): runtime event=engine_close_started request=none resource=156695987 active=0 elapsedMillis=0 outcome=none threads=48 rssKiB=371632 swapKiB=360848 pssKiB=4103243 nativePssKiB=24442 nativeHeapKiB=391894 javaHeapKiB=11444 availableMemoryKiB=900812 systemLowMemory=false thermalStatus=0
09-25 22:13:06.054 D/ArarAI.LiteRtLm( 5785): runtime event=engine_close_finished request=none resource=156695987 active=0 elapsedMillis=3294 outcome=success threads=46 rssKiB=197532 swapKiB=77984 pssKiB=258029 nativePssKiB=114781 nativeHeapKiB=15672 javaHeapKiB=19848 availableMemoryKiB=3637872 systemLowMemory=false thermalStatus=0
09-25 22:13:06.081 D/ArarAI.LiteRtLm( 5785): runtime event=engine_recovery_unloaded request=none resource=none active=0 elapsedMillis=none outcome=success threads=46 rssKiB=197380 swapKiB=77992 pssKiB=258090 nativePssKiB=114777 nativeHeapKiB=15672 javaHeapKiB=19964 availableMemoryKiB=3641684 systemLowMemory=false thermalStatus=0
09-25 22:13:16.372 D/ArarAI.LiteRtLm( 5785): runtime event=engine_recovery_reload_started request=none resource=none active=0 elapsedMillis=0 outcome=none threads=45 rssKiB=161796 swapKiB=68584 pssKiB=209356 nativePssKiB=56904 nativeHeapKiB=15635 javaHeapKiB=25408 availableMemoryKiB=3365384 systemLowMemory=false thermalStatus=0
09-25 22:13:16.406 D/ArarAI.LiteRtLm( 5785): runtime event=engine_initialize_started request=none resource=none active=0 elapsedMillis=0 outcome=none threads=45 rssKiB=164496 swapKiB=68576 pssKiB=211899 nativePssKiB=56917 nativeHeapKiB=15643 javaHeapKiB=25524 availableMemoryKiB=3361844 systemLowMemory=false thermalStatus=0
09-25 22:13:32.642 D/ArarAI.LiteRtLm( 5785): Engine initialized: id=107699964, profile=LiteRtLmWorkloadProfile(image=false, audio=false), elapsed=16268 ms
09-25 22:13:32.740 D/ArarAI.LiteRtLm( 5785): runtime event=engine_initialized request=none resource=107699964 active=0 elapsedMillis=16269 outcome=success threads=47 rssKiB=530244 swapKiB=234772 pssKiB=4147929 nativePssKiB=166118 nativeHeapKiB=391993 javaHeapKiB=10748 availableMemoryKiB=1031468 systemLowMemory=false thermalStatus=0
09-25 22:13:32.808 D/ArarAI.LiteRtLm( 5785): runtime event=engine_load_published request=none resource=8496090 active=0 elapsedMillis=none outcome=success threads=47 rssKiB=525888 swapKiB=235472 pssKiB=4144480 nativePssKiB=165754 nativeHeapKiB=391894 javaHeapKiB=11024 availableMemoryKiB=1032580 systemLowMemory=false thermalStatus=0
09-25 22:13:32.861 D/ArarAI.LiteRtLm( 5785): runtime event=engine_recovery_finished request=none resource=8496090 active=0 elapsedMillis=none outcome=success threads=47 rssKiB=526348 swapKiB=235464 pssKiB=4144760 nativePssKiB=165754 nativeHeapKiB=391994 javaHeapKiB=11172 availableMemoryKiB=1031824 systemLowMemory=false thermalStatus=0
09-25 22:13:33.016 D/ArarAI.LiteRtLm( 5785): runtime event=generation_request_rejected request=none resource=none active=0 elapsedMillis=none outcome=tools_unsupported threads=47 rssKiB=537916 swapKiB=234856 pssKiB=4156684 nativePssKiB=165034 nativeHeapKiB=391915 javaHeapKiB=11420 availableMemoryKiB=1022560 systemLowMemory=false thermalStatus=0
09-25 22:13:33.025 I/ArarAI.WidgetDiagnostic( 5785): probe round stage=Feasibility attempt=2 repair=true outcome=generation_rejected firstGen=66 capture=none terminal=66 watchdog=none return=68 cleanupOverrun=none
09-25 22:13:33.025 I/ArarAI.WidgetDiagnostic( 5785): probe attempt_failure stage=Feasibility attempt=2 code=MissingArtifact argumentBytes=none
09-25 22:13:33.089 D/ArarAI.LiteRtLm( 5785): runtime event=engine_recovery_started request=none resource=none active=0 elapsedMillis=0 outcome=none threads=47 rssKiB=535756 swapKiB=236384 pssKiB=4153657 nativePssKiB=161221 nativeHeapKiB=391934 javaHeapKiB=11736 availableMemoryKiB=1016300 systemLowMemory=false thermalStatus=0
09-25 22:13:33.090 D/ArarAI.LiteRtLm( 5785): Engine closing: id=107699964
09-25 22:13:33.144 D/ArarAI.LiteRtLm( 5785): runtime event=engine_close_started request=none resource=107699964 active=0 elapsedMillis=0 outcome=none threads=47 rssKiB=525396 swapKiB=244212 pssKiB=4150955 nativePssKiB=155249 nativeHeapKiB=392034 javaHeapKiB=11916 availableMemoryKiB=1010920 systemLowMemory=false thermalStatus=0
09-25 22:13:34.051 D/ArarAI.LiteRtLm( 5785): runtime event=engine_close_finished request=none resource=107699964 active=0 elapsedMillis=938 outcome=success threads=45 rssKiB=373008 swapKiB=109996 pssKiB=473530 nativePssKiB=269737 nativeHeapKiB=15667 javaHeapKiB=14568 availableMemoryKiB=4091176 systemLowMemory=false thermalStatus=0
09-25 22:13:34.073 D/ArarAI.LiteRtLm( 5785): runtime event=engine_recovery_unloaded request=none resource=none active=0 elapsedMillis=none outcome=success threads=45 rssKiB=373008 swapKiB=109996 pssKiB=473610 nativePssKiB=269737 nativeHeapKiB=15667 javaHeapKiB=14652 availableMemoryKiB=4091176 systemLowMemory=false thermalStatus=0
09-25 22:13:44.192 D/ArarAI.LiteRtLm( 5785): runtime event=engine_recovery_reload_started request=none resource=none active=0 elapsedMillis=0 outcome=none threads=45 rssKiB=192408 swapKiB=175856 pssKiB=353486 nativePssKiB=91121 nativeHeapKiB=15650 javaHeapKiB=19220 availableMemoryKiB=3313960 systemLowMemory=false thermalStatus=0
09-25 22:13:44.214 D/ArarAI.LiteRtLm( 5785): runtime event=engine_initialize_started request=none resource=none active=0 elapsedMillis=0 outcome=none threads=45 rssKiB=192408 swapKiB=175856 pssKiB=353642 nativePssKiB=91119 nativeHeapKiB=15654 javaHeapKiB=19336 availableMemoryKiB=3313700 systemLowMemory=false thermalStatus=0
09-25 22:14:01.812 D/ArarAI.LiteRtLm( 5785): Engine initialized: id=198255319, profile=LiteRtLmWorkloadProfile(image=false, audio=false), elapsed=17618 ms
09-25 22:14:01.882 D/ArarAI.LiteRtLm( 5785): runtime event=engine_initialized request=none resource=198255319 active=0 elapsedMillis=17619 outcome=success threads=47 rssKiB=347040 swapKiB=376680 pssKiB=4108349 nativePssKiB=37583 nativeHeapKiB=390996 javaHeapKiB=14700 availableMemoryKiB=1097492 systemLowMemory=false thermalStatus=0
09-25 22:14:01.948 D/ArarAI.LiteRtLm( 5785): runtime event=engine_load_published request=none resource=94811821 active=0 elapsedMillis=none outcome=success threads=47 rssKiB=349316 swapKiB=376132 pssKiB=4109453 nativePssKiB=37611 nativeHeapKiB=390998 javaHeapKiB=14944 availableMemoryKiB=1097172 systemLowMemory=false thermalStatus=0
09-25 22:14:02.008 D/ArarAI.LiteRtLm( 5785): runtime event=engine_recovery_finished request=none resource=94811821 active=0 elapsedMillis=none outcome=success threads=47 rssKiB=349240 swapKiB=376304 pssKiB=4109551 nativePssKiB=37611 nativeHeapKiB=390994 javaHeapKiB=15156 availableMemoryKiB=1096444 systemLowMemory=false thermalStatus=0
09-25 22:14:02.126 D/ArarAI.LiteRtLm( 5785): runtime event=generation_request_rejected request=none resource=none active=0 elapsedMillis=none outcome=tools_unsupported threads=47 rssKiB=360992 swapKiB=375124 pssKiB=4121111 nativePssKiB=37111 nativeHeapKiB=391013 javaHeapKiB=15308 availableMemoryKiB=1087976 systemLowMemory=false thermalStatus=0
09-25 22:14:02.129 I/ArarAI.WidgetDiagnostic( 5785): probe round stage=Feasibility attempt=3 repair=true outcome=generation_rejected firstGen=68 capture=none terminal=68 watchdog=none return=70 cleanupOverrun=none
09-25 22:14:02.129 I/ArarAI.WidgetDiagnostic( 5785): probe attempt_failure stage=Feasibility attempt=3 code=MissingArtifact argumentBytes=none
