09-26 15:58:55.617 D/ArarAI.LiteRtLm(29960): runtime event=generation_started request=1 resource=none active=1 elapsedMillis=0 outcome=none threads=47 rssKiB=380080 swapKiB=354720 pssKiB=4113232 nativePssKiB=33206 nativeHeapKiB=391724 javaHeapKiB=7724 availableMemoryKiB=974992 systemLowMemory=false thermalStatus=0
09-26 15:59:05.036 I/ArarAI.WidgetDiagnostic(29960): probe capture tool=submit_widget_feasibility argumentBytes=202
09-26 15:59:06.584 I/ArarAI.WidgetDiagnostic(29960): probe round stage=Feasibility attempt=1 repair=false outcome=captured firstGen=10289 capture=9485 terminal=11029 watchdog=none return=11033 cleanupOverrun=none
09-26 15:59:06.594 I/ArarAI.WidgetDiagnostic(29960): probe attempt_failure stage=Feasibility attempt=1 code=InvalidFeasibilityDisplayName argumentBytes=202
09-26 15:59:08.448 D/ArarAI.Recovery(29960): recovery event=recovery_sample ready=true thermalStatus=0 batteryTemperatureCelsius=27.8 processPssKiB=283236 availableMemoryKiB=4180232 totalMemoryKiB=7394216 systemLowMemory=false
09-26 15:59:13.580 D/ArarAI.Recovery(29960): recovery event=recovery_sample ready=true thermalStatus=0 batteryTemperatureCelsius=27.8 processPssKiB=215225 availableMemoryKiB=3364136 totalMemoryKiB=7394216 systemLowMemory=false
09-26 15:59:18.622 D/ArarAI.Recovery(29960): recovery event=recovery_sample ready=true thermalStatus=0 batteryTemperatureCelsius=30.3 processPssKiB=202776 availableMemoryKiB=2811040 totalMemoryKiB=7394216 systemLowMemory=false
09-26 15:59:18.623 D/ArarAI.Recovery(29960): recovery event=recovery_finished ready=true
09-26 15:59:43.820 D/ArarAI.LiteRtLm(29960): runtime event=generation_started request=2 resource=none active=1 elapsedMillis=0 outcome=none threads=47 rssKiB=451748 swapKiB=305360 pssKiB=4144055 nativePssKiB=120158 nativeHeapKiB=393848 javaHeapKiB=23256 availableMemoryKiB=1038684 systemLowMemory=false thermalStatus=0
09-26 15:59:59.327 I/ArarAI.WidgetDiagnostic(29960): probe capture tool=submit_widget_feasibility argumentBytes=140
09-26 16:00:04.277 I/ArarAI.WidgetDiagnostic(29960): probe round stage=Feasibility attempt=2 repair=true outcome=captured firstGen=17639 capture=15575 terminal=20492 watchdog=none return=20503 cleanupOverrun=none
09-26 16:00:16.895 D/ArarAI.Recovery(29960): recovery event=recovery_sample ready=false thermalStatus=0 batteryTemperatureCelsius=34.2 processPssKiB=215644 availableMemoryKiB=3375440 totalMemoryKiB=7394216 systemLowMemory=false
09-26 16:03:15.845 D/ArarAI.Recovery(29960): recovery event=recovery_sample ready=false thermalStatus=0 batteryTemperatureCelsius=32.1 processPssKiB=163302 availableMemoryKiB=2964640 totalMemoryKiB=7394216 systemLowMemory=false
09-26 16:03:20.973 D/ArarAI.Recovery(29960): recovery event=recovery_sample ready=false thermalStatus=0 batteryTemperatureCelsius=32.1 processPssKiB=163306 availableMemoryKiB=2962476 totalMemoryKiB=7394216 systemLowMemory=false
09-26 16:03:31.229 D/ArarAI.Recovery(29960): recovery event=recovery_sample ready=false thermalStatus=0 batteryTemperatureCelsius=32.1 processPssKiB=163310 availableMemoryKiB=2960900 totalMemoryKiB=7394216 systemLowMemory=false
09-26 16:04:17.392 D/ArarAI.Recovery(29960): recovery event=recovery_sample ready=true thermalStatus=0 batteryTemperatureCelsius=30.9 processPssKiB=162189 availableMemoryKiB=2884964 totalMemoryKiB=7394216 systemLowMemory=false
09-26 16:04:22.518 D/ArarAI.Recovery(29960): recovery event=recovery_sample ready=true thermalStatus=0 batteryTemperatureCelsius=30.9 processPssKiB=162191 availableMemoryKiB=2877864 totalMemoryKiB=7394216 systemLowMemory=false
09-26 16:04:27.661 D/ArarAI.Recovery(29960): recovery event=recovery_sample ready=true thermalStatus=0 batteryTemperatureCelsius=30.9 processPssKiB=162179 availableMemoryKiB=2857840 totalMemoryKiB=7394216 systemLowMemory=false
09-26 16:04:27.663 D/ArarAI.Recovery(29960): recovery event=recovery_finished ready=true
09-26 16:04:27.798 D/ArarAI.LiteRtLm(29960): runtime event=engine_recovery_reload_started request=none resource=none active=0 elapsedMillis=0 outcome=none threads=45 rssKiB=135944 swapKiB=92712 pssKiB=163051 nativePssKiB=27812 nativeHeapKiB=19127 javaHeapKiB=26932 availableMemoryKiB=2856188 systemLowMemory=false thermalStatus=0
09-26 16:04:27.899 D/ArarAI.LiteRtLm(29960): runtime event=engine_initialize_started request=none resource=none active=0 elapsedMillis=0 outcome=none threads=45 rssKiB=135944 swapKiB=92712 pssKiB=163201 nativePssKiB=27820 nativeHeapKiB=19128 javaHeapKiB=26952 availableMemoryKiB=2850940 systemLowMemory=false thermalStatus=0
09-26 16:05:03.084 I/lmkd    (  630): Reclaim 'com.jesjobom.ararai' (29960), uid 10482, oom_score_adj 200, state 4 to free 311804kB rss, 405172kB swap; reason: low watermark is breached and swap is low (5608852kB < 4781504kB)
09-26 16:05:04.750 I/ActivityManager( 2710): Process com.jesjobom.ararai (pid 29960) has died: prcp FGS (882,934)
09-26 16:05:04.760 I/Zygote  ( 1786): Process 29960 exited due to signal 9 (Killed)
