09-25 16:43:18.569 D/ArarAI.LiteRtLm(29493): runtime event=engine_initialize_started request=none resource=none active=0 elapsedMillis=0 outcome=none threads=37 rssKiB=265676 swapKiB=24056 pssKiB=244691 nativePssKiB=34658 nativeHeapKiB=16532 javaHeapKiB=19270 availableMemoryKiB=2674284 systemLowMemory=false thermalStatus=0
09-25 16:43:38.936 D/ArarAI.LiteRtLm(29493): Engine initialized: id=146668251, profile=LiteRtLmWorkloadProfile(image=false, audio=false), elapsed=20389 ms
09-25 16:43:39.009 D/ArarAI.LiteRtLm(29493): runtime event=engine_initialized request=none resource=146668251 active=0 elapsedMillis=20392 outcome=success threads=39 rssKiB=405832 swapKiB=326160 pssKiB=4111995 nativePssKiB=77855 nativeHeapKiB=391345 javaHeapKiB=23219 availableMemoryKiB=996056 systemLowMemory=false thermalStatus=0
09-25 16:43:39.104 D/ArarAI.LiteRtLm(29493): runtime event=engine_load_published request=none resource=122009681 active=0 elapsedMillis=none outcome=success threads=39 rssKiB=408332 swapKiB=328828 pssKiB=4116080 nativePssKiB=74952 nativeHeapKiB=391350 javaHeapKiB=23527 availableMemoryKiB=998076 systemLowMemory=false thermalStatus=0
09-25 16:43:39.300 D/ArarAI.LiteRtLm(29493): runtime event=engine_recovery_started request=none resource=none active=0 elapsedMillis=0 outcome=none threads=39 rssKiB=389320 swapKiB=360132 pssKiB=4124715 nativePssKiB=40415 nativeHeapKiB=391437 javaHeapKiB=23931 availableMemoryKiB=993784 systemLowMemory=false thermalStatus=0
09-25 16:43:39.301 D/ArarAI.LiteRtLm(29493): Engine closing: id=146668251
09-25 16:43:39.390 D/ArarAI.LiteRtLm(29493): runtime event=engine_close_started request=none resource=146668251 active=0 elapsedMillis=0 outcome=none threads=39 rssKiB=386280 swapKiB=363672 pssKiB=4124899 nativePssKiB=35797 nativeHeapKiB=391451 javaHeapKiB=24279 availableMemoryKiB=991556 systemLowMemory=false thermalStatus=0
09-25 16:43:41.081 D/ArarAI.LiteRtLm(29493): runtime event=engine_close_finished request=none resource=146668251 active=0 elapsedMillis=1754 outcome=success threads=37 rssKiB=223864 swapKiB=85544 pssKiB=291558 nativePssKiB=116220 nativeHeapKiB=15233 javaHeapKiB=29131 availableMemoryKiB=3868688 systemLowMemory=false thermalStatus=0
09-25 16:43:41.104 D/ArarAI.LiteRtLm(29493): runtime event=engine_recovery_unloaded request=none resource=none active=0 elapsedMillis=none outcome=success threads=37 rssKiB=223864 swapKiB=85544 pssKiB=291654 nativePssKiB=116224 nativeHeapKiB=15233 javaHeapKiB=29255 availableMemoryKiB=3868080 systemLowMemory=false thermalStatus=0
09-25 16:43:51.354 D/ArarAI.LiteRtLm(29493): runtime event=engine_recovery_reload_started request=none resource=none active=0 elapsedMillis=0 outcome=none threads=38 rssKiB=156760 swapKiB=68504 pssKiB=202857 nativePssKiB=54578 nativeHeapKiB=15217 javaHeapKiB=8399 availableMemoryKiB=3055736 systemLowMemory=false thermalStatus=0
09-25 16:43:51.400 D/ArarAI.LiteRtLm(29493): runtime event=engine_initialize_started request=none resource=none active=0 elapsedMillis=0 outcome=none threads=38 rssKiB=157768 swapKiB=68496 pssKiB=203089 nativePssKiB=54585 nativeHeapKiB=15231 javaHeapKiB=8611 availableMemoryKiB=3048776 systemLowMemory=false thermalStatus=0
09-25 16:44:08.985 D/ArarAI.LiteRtLm(29493): Engine initialized: id=94113687, profile=LiteRtLmWorkloadProfile(image=false, audio=false), elapsed=17630 ms
09-25 16:44:09.056 D/ArarAI.LiteRtLm(29493): runtime event=engine_initialized request=none resource=94113687 active=0 elapsedMillis=17631 outcome=success threads=40 rssKiB=460008 swapKiB=285968 pssKiB=4128860 nativePssKiB=133583 nativeHeapKiB=391477 javaHeapKiB=22551 availableMemoryKiB=1027620 systemLowMemory=false thermalStatus=0
09-25 16:44:09.167 D/ArarAI.LiteRtLm(29493): runtime event=engine_load_published request=none resource=231559533 active=0 elapsedMillis=none outcome=success threads=40 rssKiB=462644 swapKiB=285436 pssKiB=4129639 nativePssKiB=133223 nativeHeapKiB=391478 javaHeapKiB=22923 availableMemoryKiB=1012752 systemLowMemory=false thermalStatus=0
09-25 16:44:09.235 D/ArarAI.LiteRtLm(29493): runtime event=engine_recovery_finished request=none resource=231559533 active=0 elapsedMillis=none outcome=success threads=40 rssKiB=454668 swapKiB=289204 pssKiB=4125123 nativePssKiB=129708 nativeHeapKiB=391488 javaHeapKiB=23167 availableMemoryKiB=1022996 systemLowMemory=false thermalStatus=0
09-25 16:44:09.389 D/ArarAI.LiteRtLm(29493): runtime event=engine_recovery_started request=none resource=none active=0 elapsedMillis=0 outcome=none threads=40 rssKiB=454964 swapKiB=285540 pssKiB=4120357 nativePssKiB=112775 nativeHeapKiB=391532 javaHeapKiB=7351 availableMemoryKiB=998216 systemLowMemory=false thermalStatus=0
09-25 16:44:09.389 D/ArarAI.LiteRtLm(29493): Engine closing: id=94113687
09-25 16:44:09.456 D/ArarAI.LiteRtLm(29493): runtime event=engine_close_started request=none resource=94113687 active=0 elapsedMillis=0 outcome=none threads=40 rssKiB=448912 swapKiB=294848 pssKiB=4121204 nativePssKiB=103965 nativeHeapKiB=391503 javaHeapKiB=7571 availableMemoryKiB=995328 systemLowMemory=false thermalStatus=0
09-25 16:44:10.750 D/ArarAI.LiteRtLm(29493): runtime event=engine_close_finished request=none resource=94113687 active=0 elapsedMillis=1335 outcome=success threads=38 rssKiB=203976 swapKiB=72992 pssKiB=263314 nativePssKiB=102540 nativeHeapKiB=17117 javaHeapKiB=11303 availableMemoryKiB=4071444 systemLowMemory=false thermalStatus=0
09-25 16:44:10.775 D/ArarAI.LiteRtLm(29493): runtime event=engine_recovery_unloaded request=none resource=none active=0 elapsedMillis=none outcome=success threads=38 rssKiB=203976 swapKiB=72992 pssKiB=263404 nativePssKiB=102544 nativeHeapKiB=17121 javaHeapKiB=11459 availableMemoryKiB=4071084 systemLowMemory=false thermalStatus=0
09-25 16:44:20.926 D/ArarAI.LiteRtLm(29493): runtime event=engine_recovery_reload_started request=none resource=none active=0 elapsedMillis=0 outcome=none threads=38 rssKiB=159276 swapKiB=67040 pssKiB=211383 nativePssKiB=51978 nativeHeapKiB=17118 javaHeapKiB=16255 availableMemoryKiB=3824844 systemLowMemory=false thermalStatus=0
09-25 16:44:20.952 D/ArarAI.LiteRtLm(29493): runtime event=engine_initialize_started request=none resource=none active=0 elapsedMillis=0 outcome=none threads=38 rssKiB=159324 swapKiB=67040 pssKiB=211539 nativePssKiB=51978 nativeHeapKiB=17116 javaHeapKiB=16371 availableMemoryKiB=3823172 systemLowMemory=false thermalStatus=0
09-25 16:44:38.132 D/ArarAI.LiteRtLm(29493): Engine initialized: id=71116626, profile=LiteRtLmWorkloadProfile(image=false, audio=false), elapsed=17204 ms
09-25 16:44:38.221 D/ArarAI.LiteRtLm(29493): runtime event=engine_initialized request=none resource=71116626 active=0 elapsedMillis=17208 outcome=success threads=40 rssKiB=532444 swapKiB=221760 pssKiB=4138522 nativePssKiB=193736 nativeHeapKiB=393388 javaHeapKiB=28823 availableMemoryKiB=990564 systemLowMemory=false thermalStatus=0
09-25 16:44:38.283 D/ArarAI.LiteRtLm(29493): runtime event=engine_load_published request=none resource=8162080 active=0 elapsedMillis=none outcome=success threads=40 rssKiB=528000 swapKiB=222436 pssKiB=4134786 nativePssKiB=189724 nativeHeapKiB=393389 javaHeapKiB=29035 availableMemoryKiB=1002076 systemLowMemory=false thermalStatus=0
09-25 16:44:38.342 D/ArarAI.LiteRtLm(29493): runtime event=engine_recovery_finished request=none resource=8162080 active=0 elapsedMillis=none outcome=success threads=40 rssKiB=512764 swapKiB=235356 pssKiB=4131007 nativePssKiB=174392 nativeHeapKiB=393389 javaHeapKiB=29247 availableMemoryKiB=1008716 systemLowMemory=false thermalStatus=0
09-25 16:47:36.536 I/adbd    (16212): adbd service requested 'shell,v2,TERM=xterm-256color:export ANDROID_LOG_TAGS=''; exec logcat '-d' '-v' 'time' '-s' 'ArarAI.WidgetDiagnostic:I' 'ArarAI.LiteRtLm:D''
09-25 16:48:07.464 I/adbd    (16212): adbd service requested 'shell,v2,TERM=xterm-256color:export ANDROID_LOG_TAGS=''; exec logcat '-d' '-v' 'time' '-s' 'ArarAI.WidgetDiagnostic:I' 'ArarAI.LiteRtLm:D''
09-25 16:48:57.858 I/adbd    (16212): adbd service requested 'shell,v2,TERM=xterm-256color:export ANDROID_LOG_TAGS=''; exec logcat '-d' '-v' 'time' '-s' 'ArarAI.WidgetDiagnostic:I' 'ArarAI.LiteRtLm:D''
09-25 16:49:47.223 I/adbd    (16212): adbd service requested 'shell,v2,TERM=xterm-256color:export ANDROID_LOG_TAGS=''; exec logcat '-d' '-v' 'time' '-s' 'ArarAI.WidgetDiagnostic:I' 'ArarAI.LiteRtLm:D''
