Device: Samsung SM-S901E
APK versionName: 202610032204
Device time zone: UTC-04:00
Sanitization: prompts, generated artifacts, exception messages from model code, and credentials omitted.

Persisted attempt summary (timestamps converted to UTC):
render revision=1 attempt=1 kind=Initial status=Failed failure=RuntimeUnavailable artifactBytes=0 started=2026-10-04T02:26:43Z completed=2026-10-04T02:26:58Z
render revision=1 attempt=2 kind=Repair status=Failed failure=RuntimeUnavailable artifactBytes=0 started=2026-10-04T02:27:20Z completed=2026-10-04T02:27:33Z
render revision=1 attempt=3 kind=Repair status=Failed failure=RuntimeUnavailable artifactBytes=0 started=2026-10-04T02:27:52Z completed=2026-10-04T02:28:05Z

First render attempt lifecycle:
10-03 22:26:43.647 D/ArarAI.Recovery: recovery event=recovery_finished ready=true
10-03 22:26:43.672 D/ArarAI.LiteRtLm: runtime event=engine_initialize_started
10-03 22:26:57.941 D/ArarAI.LiteRtLm: runtime event=engine_initialized outcome=success
10-03 22:26:58.083 D/ArarAI.LiteRtLm: runtime event=engine_load_published outcome=success
10-03 22:26:58.197 D/ArarAI.LiteRtLm: Engine closing
10-03 22:26:58.252 D/ArarAI.LiteRtLm: runtime event=engine_close_started
10-03 22:26:58.937 D/ArarAI.LiteRtLm: runtime event=engine_close_finished outcome=success

Second render attempt lifecycle:
10-03 22:27:20.036 D/ArarAI.Recovery: recovery event=recovery_finished ready=true
10-03 22:27:20.068 D/ArarAI.LiteRtLm: runtime event=engine_initialize_started
10-03 22:27:32.945 D/ArarAI.LiteRtLm: runtime event=engine_initialized outcome=success
10-03 22:27:33.008 D/ArarAI.LiteRtLm: runtime event=engine_load_published outcome=success
10-03 22:27:33.080 D/ArarAI.LiteRtLm: Engine closing
10-03 22:27:33.147 D/ArarAI.LiteRtLm: runtime event=engine_close_started
10-03 22:27:33.855 D/ArarAI.LiteRtLm: runtime event=engine_close_finished outcome=success

Third render attempt lifecycle:
10-03 22:27:52.718 D/ArarAI.Recovery: recovery event=recovery_finished ready=true
10-03 22:27:52.746 D/ArarAI.LiteRtLm: runtime event=engine_initialize_started
10-03 22:28:05.616 D/ArarAI.LiteRtLm: runtime event=engine_initialized outcome=success
10-03 22:28:05.676 D/ArarAI.LiteRtLm: runtime event=engine_load_published outcome=success
10-03 22:28:05.748 D/ArarAI.LiteRtLm: Engine closing
10-03 22:28:05.817 D/ArarAI.LiteRtLm: runtime event=engine_close_started
10-03 22:28:06.459 D/ArarAI.LiteRtLm: runtime event=engine_close_finished outcome=success

No generation_started event occurred in any render attempt. No LMK or native crash targeted ArarAI during those attempts.

Independent process crash immediately after the deterministic plan:
10-03 22:26:14.762 E/AndroidRuntime: FATAL EXCEPTION: main
10-03 22:26:14.762 E/AndroidRuntime: Process: com.jesjobom.ararai
10-03 22:26:14.762 E/AndroidRuntime: android.app.RemoteServiceException$ForegroundServiceDidNotStartInTimeException
10-03 22:26:14.762 E/AndroidRuntime: Last startServiceCommon() call: ContextCompat.startForegroundService
10-03 22:26:14.762 E/AndroidRuntime: at com.jesjobom.ararai.ResumableWidgetAuthoringNotificationPresenter.onStateChanged(WidgetAuthoringService.kt:374)

Local reproduction:
render objective alias=get_events characters=496 limit=512
render objective alias=fetch_wikipedia_events characters=520 limit=512
WidgetAuthoringRoundRequest validates the objective after model load; its IllegalArgumentException was caught as RuntimeUnavailable.
